[T050] phase 2 cycle 1: spawning executor via pi runner... (may take 30-90s)
[T050] phase 2 cycle 1: executor returned (exit=0, 65.9s)
[T050] phase 2 cycle 1: executor → submitted (gate=None; source=sdk)
[T050] phase 2 cycle 1: spawning code_reviewer via pi runner... (may take 30-90s)
[T050] phase 2 cycle 1: code_reviewer returned (exit=0, 73.3s)
[T050] phase 2 cycle 1: code_reviewer → submitted (gate=Some(PASS); source=sdk)
[T050] phase 3 cycle 1: spawning executor via pi runner... (may take 30-90s)
[T050] phase 3 cycle 1: executor returned (exit=0, 420.3s)
[T050] phase 3 cycle 1: executor → submitted (gate=None; source=sdk)
[T050] max iterations exceeded (3); current state: status=code_review phase=3 cycle=1
Error: max iterations exceeded (3) for task T050
[T050] phase 3 cycle 1: spawning code_reviewer via pi runner... (may take 30-90s)
[T050] phase 3 cycle 1: code_reviewer returned (exit=0, 106.8s)
[T050] phase 3 cycle 1: code_reviewer → submitted (gate=Some(REVISE); source=sdk)
[T050] phase 3 cycle 2: spawning executor via pi runner... (may take 30-90s)
[T050] phase 3 cycle 2: executor returned (exit=0, 205.5s)
[T050] phase 3 cycle 2: executor → submitted (gate=None; source=sdk)
[T050] phase 3 cycle 2: spawning code_reviewer via pi runner... (may take 30-90s)
[T050] phase 3 cycle 2: code_reviewer returned (exit=0, 120.1s)
[T050] phase 3 cycle 2: code_reviewer → submitted (gate=Some(PASS); source=sdk)
[T050] max iterations exceeded (3); current state: status=executing phase=4 cycle=1
Error: max iterations exceeded (3) for task T050
[T050] phase 4 cycle 1: spawning executor via pi runner... (may take 30-90s)
[T050] phase 4 cycle 1: executor returned (exit=0, 270.1s)
[T050] phase 4 cycle 1: executor → submitted (gate=None; source=sdk)
[T050] phase 4 cycle 1: spawning code_reviewer via pi runner... (may take 30-90s)
[T050] phase 4 cycle 1: code_reviewer returned (exit=0, 85.7s)
[T050] phase 4 cycle 1: code_reviewer → submitted (gate=Some(PASS); source=sdk)
[T050] phase 5 cycle 1: spawning executor via pi runner... (may take 30-90s)
[T050] phase 5 cycle 1: executor returned (exit=0, 260.7s)
[T050] phase 5 cycle 1: executor → submitted (gate=None; source=sdk)
[T050] phase 5 cycle 1: spawning code_reviewer via pi runner... (may take 30-90s)
[T050] phase 5 cycle 1: code_reviewer returned (exit=0, 60.7s)
[T050] phase 5 cycle 1: code_reviewer → submitted (gate=Some(REVISE); source=sdk)
[T050] max iterations exceeded (4); current state: status=executing phase=5 cycle=2
Error: max iterations exceeded (4) for task T050
[T050] phase 5 cycle 2: spawning executor via pi runner... (may take 30-90s)
[T050] phase 5 cycle 2: executor returned (exit=0, 327.1s)
[T050] phase 5 cycle 2: executor → submitted (gate=None; source=sdk)
[T050] phase 5 cycle 2: spawning code_reviewer via pi runner... (may take 30-90s)
[T050] phase 5 cycle 2: code_reviewer returned (exit=0, 76.8s)
[T050] phase 5 cycle 2: code_reviewer → submitted (gate=Some(PASS); source=sdk)
[T050] phase 5 cycle 2: spawning wrap via pi runner... (may take 30-90s)
[T050] phase 5 cycle 2: wrap returned (exit=0, 31.1s)
[T050] phase 5 cycle 2: wrap → submitted (gate=None; source=sdk)
[T050] max iterations exceeded (3); current state: status=in_review phase=5 cycle=2
Error: max iterations exceeded (3) for task T050
