daemon:DEAD
lanes: execution=1 review=1 accept=1 held=8 active=6 priority=3
external review: unavailable / not installed
ACTIVE WORK (2)
T010 executing ▮▱ ··· in-flight
T011 code_review ▰◐▱ ●●· in-flight
RATIFY-U1 (0)
ACCEPT-U3 (0)
INTEGRATION (0)
INTEGRATED (0)
HELD-INTEGRATION (0)
HELD-BLOCKED (2)
T020 blocked rate_limit reason:rate_limit
T021 blocked transient_infra reason:transient_infra
HELD-DEPLOY (1)
T022 deploy_blocked retry-deploy-recoverable reason:retry-deploy-recoverable
HELD-TRIAGE (2)
T023 deploy_blocked opaque reason:opaque
T024 blocked unknown reason:unknown
HELD-INTAKE (1)
I001 needs_info priority:high intake needs answer held:missing owner
HELD-AI-REVIEW (0)
HELD-ZOMBIE (2)
T001 blocked silent_zombie reason:silent_zombie
T002 blocked drive_failed:silent_zombie_pid_dead reason:drive_failed:silent_zombie_pid_dead
TERMINAL (0)
PRIORITY (2)
L002 open priority:high deploy-blocked: task T999 merge conflict
T012 ready in-flight
OBSERVATIONS (1)
L003 open priority:normal operator note
INTAKE-OPEN (0)
INTAKE-ROUTED (0)
EXTERNAL-REVIEW (0)
