Observation detail · L700

Summary / story
  summary: observation story
  story: full observation body

Priority
  high

ADR 0002 state
  lifecycle: —
  contract_state: ready
  waiting: —
  outcome: —
  open_architecture_review_id: —
  task_id: T700
  superseded_by_id: —
  Legacy status: open

Contract state
  state: ready
  objective: ratify this
  tier: —
  auto-promote: contract ready · auto-promote eligible

Next action / held reason
  ratify contract

Linked tasks
  T700

Artifact pointers
  linked task: T700
  resolution: resolution.md
  log: runs/x.log

Recent events
  tasks ready -> executing via start at 2026-05-01
